// Jest Snapshot v1, https://goo.gl/fbAQLP

exports[`Test setup > can run dom snapshot test 1`] = `
<div>
  <div>
    ok
  </div>
</div>
`;

exports[`Test setup can run dom snapshot test 1`] = `
<div>
  <div>
    ok
  </div>
</div>
`;
