// Vitest Snapshot v1

exports[`Test setup > can run dom snapshot test 1`] = `
<div>
  <div>
    ok
  </div>
</div>
`;
